
               ......         ...       .........---.....----+--.......-----..........--.    .......
             .......      .......      ... ....----.... ..--++--.......---................  ....... 
  .        ........     .....................-------.....---+--........--...........................
 ..        ........      ....-------......-----------...-++---.......-------........  ...-..........
               ....       ..------.......------+***&%*&&$$%&*+--..--------------...   ..............
               ........   .................-*%##@@@@@##@@@#$%**--.----------.................... ...
   .           .......... ..........---*&%%$###@@@@@#@@@@###$$%&*&*-.----------.-----..............-
  ...   ...  ...............------.---*%$####@#####@########$$$#$%&+-.--++------------..............
...... ........---.........-------..--*$#####################$$$$$$&+-------------------......      
............ ..--...........----------+%#########$$$$$$$$$$$#$$$$$$&---------.......-......        .
....  .....  ................--....----%$$$##$%*-+&%%%&**&$$$$$$$$$*..-----..  .......    .....     
..    ......  ..----...............----*$$$#$&&+.+%$$$*. -&%%$%%$$%+-.......   ....-..............  
...  .......   ......................---&#$%%%$$$##$$$$%&&%&&%&&%%+....   ...............-.......   
.... ......     .....................---+&$%$$$##$*++&$$$$%%&&&&%+.........--...................    
...  ....       ...............-....--+--*$$$$$$$&.  +%%$%%%%%%%%+-....-..---..........  ........   
..   ....       .............----------++%$$$$%%%&*-+**&%%&&%%%%$%-...---.....---......      .......
...    ..    .........  .......----..--+%###$$%&&&&&*&&&&&&&%%%%$$+..-----....--.......     ........
...      ...........     ..............%#####$$%&&&&****&&&&%%%$$$&.--------......   ............   
         ...........     .........  ..*#######$$%%%%%%%%%%%%%%%$$$%-++-----.....     ............   
         ...........  ............  .+$#######$$$$%$$$$$%$$%%%%%$%%+-----.....        ..........    
            .........................&#$#####$$%%%%$$$$$$$$&%%%%%%%%&*****++++--.......    .        
  ...        ...................---+%##$#####$%%%%%&%$$$$%&&&%%%%%%%%%%%%%%&&&&&&&****++++---....   
 .....      ..................-+*&&%###$$$$$$$$$$%%&&%$%%&*&%%$%%&&&&&&&&&&&&&&&&&&&&&&&&&&&***+++--
 ...        ................+*%%%%&%###$$%$%%$$$#$$$%%%&**&%%$$%%&&&&&&&&&&&&&&&&&&&&&&&&&&&&&&&&***
     .     .............--+&&%%%%%%%%%%%%%%%%%$$##$$$%%&++*%%$$$$$&**&&&&&&&&&&&&&&&&&&&&&&&&&&&&&**
    ..................+*&&%%&&%%%%&&&*++**+*&%%$$$##$%%+--*&%$$$$$%**&&&&&&&%&&&&&&&&&&&&&&&*&&&&&&*
    ................+&&%%%%%%%&&%%&&%&&&&&&*&%%$#####$%*--+*&%&%%%&&&&&&&&&&&&&&&&&&&%&&&&&&&*&&&&**
    ..............+&&&&&&&&%$%&&%%%%%%$$%&&&%&&$###$$$$&**&&&&&&&&&&&&&&&&&&&&&&&&%%&&&&**&**&&&&&**
     ...........+*&&&&&&&&&%%&&%%&&&$%%%&&&&&&&%$$$%$%**&&&&&%&&&&&&&&&&&&&&&&&&&&&&&&&&&&&&*******+
  ..         .-*&&&&&&&&&%%%%&&%%%&%%&&&%&%&&&&&&&&&%&%%%%&%%%%&&&&&&%&&&&&&&&&&****&&****&&&******+
 ....     . .+&&&&&&&&*&%%&%%%%%&&&%%%%%%%%%%%%%%&&%%&%&&%&&&&%&&&&&&&&&&&*&********&********&&++**+
...... .....+**&&&&&&&&&&%&&%%%%&&&%%%&%%%%%%%%%%%%%%&&&&&%%%%&&&*&&****&***********&*****++++*+++++
...........-*&&&&&&&&&&&&&&&&&&%&&&&&&&&%%%&%%&%%%&&&&&&&&%%$%%&&***********************+++++*+++++-
 ...  ....+*&&&&&&&&&&%&&&&&&%%&&%%%%%&&&&&&&&&&&&&%&&&&&&&%&&&&***********++**++*****+++++++++-+-+-
....  ..-+****&&&&&&&&%%&&&&&&&%%%&%%%&&&&&&&&&&&&&&&&&&&&&&&**********&****++++***&*++++++++++++-+-
.... .-+*********&&*&&%%%%&%%%%&&&%&&&&&&&&%&&&&&&&%%&&&&&&&********+*****+++++++++*+++++++++++++---